Archive member included to satisfy reference by file (symbol)

c:/ac6/systemworkbench/plugins/fr.ac6.mcu.externaltools.arm-none.win32_1.17.0.201812190825/tools/compiler/bin/../lib/gcc/arm-none-eabi/7.3.1/thumb/v7e-m/fpv4-sp/hard\libgcc.a(_aeabi_uldivmod.o)
                              Drivers/STM32L4xx_HAL_Driver/Src/stm32l4xx_hal_uart.o (__aeabi_uldivmod)
c:/ac6/systemworkbench/plugins/fr.ac6.mcu.externaltools.arm-none.win32_1.17.0.201812190825/tools/compiler/bin/../lib/gcc/arm-none-eabi/7.3.1/thumb/v7e-m/fpv4-sp/hard\libgcc.a(_udivmoddi4.o)
                              c:/ac6/systemworkbench/plugins/fr.ac6.mcu.externaltools.arm-none.win32_1.17.0.201812190825/tools/compiler/bin/../lib/gcc/arm-none-eabi/7.3.1/thumb/v7e-m/fpv4-sp/hard\libgcc.a(_aeabi_uldivmod.o) (__udivmoddi4)
c:/ac6/systemworkbench/plugins/fr.ac6.mcu.externaltools.arm-none.win32_1.17.0.201812190825/tools/compiler/bin/../lib/gcc/arm-none-eabi/7.3.1/thumb/v7e-m/fpv4-sp/hard\libgcc.a(_dvmd_tls.o)
                              c:/ac6/systemworkbench/plugins/fr.ac6.mcu.externaltools.arm-none.win32_1.17.0.201812190825/tools/compiler/bin/../lib/gcc/arm-none-eabi/7.3.1/thumb/v7e-m/fpv4-sp/hard\libgcc.a(_aeabi_uldivmod.o) (__aeabi_ldiv0)
c:/ac6/systemworkbench/plugins/fr.ac6.mcu.externaltools.arm-none.win32_1.17.0.201812190825/tools/compiler/bin/../lib/gcc/arm-none-eabi/7.3.1/../../../../arm-none-eabi/lib/thumb/v7e-m/fpv4-sp/hard\libc_nano.a(lib_a-errno.o)
                              Src/syscalls.o (__errno)
c:/ac6/systemworkbench/plugins/fr.ac6.mcu.externaltools.arm-none.win32_1.17.0.201812190825/tools/compiler/bin/../lib/gcc/arm-none-eabi/7.3.1/../../../../arm-none-eabi/lib/thumb/v7e-m/fpv4-sp/hard\libc_nano.a(lib_a-exit.o)
                              c:/ac6/systemworkbench/plugins/fr.ac6.mcu.externaltools.arm-none.win32_1.17.0.201812190825/tools/compiler/bin/../lib/gcc/arm-none-eabi/7.3.1/../../../../arm-none-eabi/lib/thumb/v7e-m/fpv4-sp/hard/crt0.o (exit)
c:/ac6/systemworkbench/plugins/fr.ac6.mcu.externaltools.arm-none.win32_1.17.0.201812190825/tools/compiler/bin/../lib/gcc/arm-none-eabi/7.3.1/../../../../arm-none-eabi/lib/thumb/v7e-m/fpv4-sp/hard\libc_nano.a(lib_a-impure.o)
                              c:/ac6/systemworkbench/plugins/fr.ac6.mcu.externaltools.arm-none.win32_1.17.0.201812190825/tools/compiler/bin/../lib/gcc/arm-none-eabi/7.3.1/../../../../arm-none-eabi/lib/thumb/v7e-m/fpv4-sp/hard\libc_nano.a(lib_a-exit.o) (_global_impure_ptr)
c:/ac6/systemworkbench/plugins/fr.ac6.mcu.externaltools.arm-none.win32_1.17.0.201812190825/tools/compiler/bin/../lib/gcc/arm-none-eabi/7.3.1/../../../../arm-none-eabi/lib/thumb/v7e-m/fpv4-sp/hard\libc_nano.a(lib_a-init.o)
                              c:/ac6/systemworkbench/plugins/fr.ac6.mcu.externaltools.arm-none.win32_1.17.0.201812190825/tools/compiler/bin/../lib/gcc/arm-none-eabi/7.3.1/../../../../arm-none-eabi/lib/thumb/v7e-m/fpv4-sp/hard/crt0.o (__libc_init_array)
c:/ac6/systemworkbench/plugins/fr.ac6.mcu.externaltools.arm-none.win32_1.17.0.201812190825/tools/compiler/bin/../lib/gcc/arm-none-eabi/7.3.1/../../../../arm-none-eabi/lib/thumb/v7e-m/fpv4-sp/hard\libc_nano.a(lib_a-memset.o)
                              c:/ac6/systemworkbench/plugins/fr.ac6.mcu.externaltools.arm-none.win32_1.17.0.201812190825/tools/compiler/bin/../lib/gcc/arm-none-eabi/7.3.1/../../../../arm-none-eabi/lib/thumb/v7e-m/fpv4-sp/hard/crt0.o (memset)

Allocating common symbols
Common symbol       size              file

uwTick              0x4               Drivers/STM32L4xx_HAL_Driver/Src/stm32l4xx_hal.o
htim3               0x40              Src/main.o
huart1              0x78              Src/main.o

Discarded input sections

 .text          0x00000000        0x0 c:/ac6/systemworkbench/plugins/fr.ac6.mcu.externaltools.arm-none.win32_1.17.0.201812190825/tools/compiler/bin/../lib/gcc/arm-none-eabi/7.3.1/thumb/v7e-m/fpv4-sp/hard/crti.o
 .data          0x00000000        0x0 c:/ac6/systemworkbench/plugins/fr.ac6.mcu.externaltools.arm-none.win32_1.17.0.201812190825/tools/compiler/bin/../lib/gcc/arm-none-eabi/7.3.1/thumb/v7e-m/fpv4-sp/hard/crti.o
 .bss           0x00000000        0x0 c:/ac6/systemworkbench/plugins/fr.ac6.mcu.externaltools.arm-none.win32_1.17.0.201812190825/tools/compiler/bin/../lib/gcc/arm-none-eabi/7.3.1/thumb/v7e-m/fpv4-sp/hard/crti.o
 .data          0x00000000        0x4 c:/ac6/systemworkbench/plugins/fr.ac6.mcu.externaltools.arm-none.win32_1.17.0.201812190825/tools/compiler/bin/../lib/gcc/arm-none-eabi/7.3.1/thumb/v7e-m/fpv4-sp/hard/crtbegin.o
 .text          0x00000000       0x74 c:/ac6/systemworkbench/plugins/fr.ac6.mcu.externaltools.arm-none.win32_1.17.0.201812190825/tools/compiler/bin/../lib/gcc/arm-none-eabi/7.3.1/../../../../arm-none-eabi/lib/thumb/v7e-m/fpv4-sp/hard/crt0.o
[...]
Memory Configuration

Name             Origin             Length             Attributes
RAM              0x20000000         0x00018000         xrw
RAM2             0x10000000         0x00008000         xrw
FLASH            0x08000000         0x00100000         xr
*default*        0x00000000         0xffffffff

Linker script and memory map

LOAD c:/ac6/systemworkbench/plugins/fr.ac6.mcu.externaltools.arm-none.win32_1.17.0.201812190825/tools/compiler/bin/../lib/gcc/arm-none-eabi/7.3.1/thumb/v7e-m/fpv4-sp/hard/crti.o
LOAD c:/ac6/systemworkbench/plugins/fr.ac6.mcu.externaltools.arm-none.win32_1.17.0.201812190825/tools/compiler/bin/../lib/gcc/arm-none-eabi/7.3.1/thumb/v7e-m/fpv4-sp/hard/crtbegin.o
LOAD c:/ac6/systemworkbench/plugins/fr.ac6.mcu.externaltools.arm-none.win32_1.17.0.201812190825/tools/compiler/bin/../lib/gcc/arm-none-eabi/7.3.1/../../../../arm-none-eabi/lib/thumb/v7e-m/fpv4-sp/hard/crt0.o
LOAD Drivers/STM32L4xx_HAL_Driver/Src/stm32l4xx_hal.o
LOAD Drivers/STM32L4xx_HAL_Driver/Src/stm32l4xx_hal_cortex.o
LOAD Drivers/STM32L4xx_HAL_Driver/Src/stm32l4xx_hal_dma.o
LOAD Drivers/STM32L4xx_HAL_Driver/Src/stm32l4xx_hal_dma_ex.o
LOAD Drivers/STM32L4xx_HAL_Driver/Src/stm32l4xx_hal_exti.o
LOAD Drivers/STM32L4xx_HAL_Driver/Src/stm32l4xx_hal_flash.o
LOAD Drivers/STM32L4xx_HAL_Driver/Src/stm32l4xx_hal_flash_ex.o
LOAD Drivers/STM32L4xx_HAL_Driver/Src/stm32l4xx_hal_flash_ramfunc.o
LOAD Drivers/STM32L4xx_HAL_Driver/Src/stm32l4xx_hal_gpio.o
LOAD Drivers/STM32L4xx_HAL_Driver/Src/stm32l4xx_hal_i2c.o
LOAD Drivers/STM32L4xx_HAL_Driver/Src/stm32l4xx_hal_i2c_ex.o
LOAD Drivers/STM32L4xx_HAL_Driver/Src/stm32l4xx_hal_pwr.o
LOAD Drivers/STM32L4xx_HAL_Driver/Src/stm32l4xx_hal_pwr_ex.o
LOAD Drivers/STM32L4xx_HAL_Driver/Src/stm32l4xx_hal_rcc.o
LOAD Drivers/STM32L4xx_HAL_Driver/Src/stm32l4xx_hal_rcc_ex.o
LOAD Drivers/STM32L4xx_HAL_Driver/Src/stm32l4xx_hal_tim.o
LOAD Drivers/STM32L4xx_HAL_Driver/Src/stm32l4xx_hal_tim_ex.o
LOAD Drivers/STM32L4xx_HAL_Driver/Src/stm32l4xx_hal_uart.o
LOAD Drivers/STM32L4xx_HAL_Driver/Src/stm32l4xx_hal_uart_ex.o
LOAD Src/main.o
LOAD Src/stm32l4xx_hal_msp.o
LOAD Src/stm32l4xx_it.o
LOAD Src/syscalls.o
LOAD Src/system_stm32l4xx.o
LOAD startup/startup_stm32l475xx.o
LOAD c:/ac6/systemworkbench/plugins/fr.ac6.mcu.externaltools.arm-none.win32_1.17.0.201812190825/tools/compiler/bin/../lib/gcc/arm-none-eabi/7.3.1/../../../../arm-none-eabi/lib/thumb/v7e-m/fpv4-sp/hard\libm.a
START GROUP
LOAD c:/ac6/systemworkbench/plugins/fr.ac6.mcu.externaltools.arm-none.win32_1.17.0.201812190825/tools/compiler/bin/../lib/gcc/arm-none-eabi/7.3.1/thumb/v7e-m/fpv4-sp/hard\libgcc.a
LOAD c:/ac6/systemworkbench/plugins/fr.ac6.mcu.externaltools.arm-none.win32_1.17.0.201812190825/tools/compiler/bin/../lib/gcc/arm-none-eabi/7.3.1/../../../../arm-none-eabi/lib/thumb/v7e-m/fpv4-sp/hard\libc_nano.a
END GROUP
START GROUP
LOAD c:/ac6/systemworkbench/plugins/fr.ac6.mcu.externaltools.arm-none.win32_1.17.0.201812190825/tools/compiler/bin/../lib/gcc/arm-none-eabi/7.3.1/thumb/v7e-m/fpv4-sp/hard\libgcc.a
LOAD c:/ac6/systemworkbench/plugins/fr.ac6.mcu.externaltools.arm-none.win32_1.17.0.201812190825/tools/compiler/bin/../lib/gcc/arm-none-eabi/7.3.1/../../../../arm-none-eabi/lib/thumb/v7e-m/fpv4-sp/hard\libc_nano.a
LOAD c:/ac6/systemworkbench/plugins/fr.ac6.mcu.externaltools.arm-none.win32_1.17.0.201812190825/tools/compiler/bin/../lib/gcc/arm-none-eabi/7.3.1/../../../../arm-none-eabi/lib/thumb/v7e-m/fpv4-sp/hard\libnosys.a
END GROUP
START GROUP
LOAD c:/ac6/systemworkbench/plugins/fr.ac6.mcu.externaltools.arm-none.win32_1.17.0.201812190825/tools/compiler/bin/../lib/gcc/arm-none-eabi/7.3.1/thumb/v7e-m/fpv4-sp/hard\libgcc.a
LOAD c:/ac6/systemworkbench/plugins/fr.ac6.mcu.externaltools.arm-none.win32_1.17.0.201812190825/tools/compiler/bin/../lib/gcc/arm-none-eabi/7.3.1/../../../../arm-none-eabi/lib/thumb/v7e-m/fpv4-sp/hard\libc_nano.a
LOAD c:/ac6/systemworkbench/plugins/fr.ac6.mcu.externaltools.arm-none.win32_1.17.0.201812190825/tools/compiler/bin/../lib/gcc/arm-none-eabi/7.3.1/../../../../arm-none-eabi/lib/thumb/v7e-m/fpv4-sp/hard\libnosys.a
END GROUP
LOAD c:/ac6/systemworkbench/plugins/fr.ac6.mcu.externaltools.arm-none.win32_1.17.0.201812190825/tools/compiler/bin/../lib/gcc/arm-none-eabi/7.3.1/thumb/v7e-m/fpv4-sp/hard/crtend.o
LOAD c:/ac6/systemworkbench/plugins/fr.ac6.mcu.externaltools.arm-none.win32_1.17.0.201812190825/tools/compiler/bin/../lib/gcc/arm-none-eabi/7.3.1/thumb/v7e-m/fpv4-sp/hard/crtn.o
                0x20018000                _estack = 0x20018000
                0x00000200                _Min_Heap_Size = 0x200
                0x00000400                _Min_Stack_Size = 0x400

.isr_vector     0x08000000      0x188
                0x08000000                . = ALIGN (0x8)
 *(.isr_vector)
 .isr_vector    0x08000000      0x188 startup/startup_stm32l475xx.o
                0x08000000                g_pfnVectors
                0x08000188                . = ALIGN (0x8)

.text           0x08000188     0x2ce0
                0x08000188                . = ALIGN (0x8)
 *(.text)
 .text          0x08000188       0x40 c:/ac6/systemworkbench/plugins/fr.ac6.mcu.externaltools.arm-none.win32_1.17.0.201812190825/tools/compiler/bin/../lib/gcc/arm-none-eabi/7.3.1/thumb/v7e-m/fpv4-sp/hard/crtbegin.o
 .text          0x080001c8       0x30 c:/ac6/systemworkbench/plugins/fr.ac6.mcu.externaltools.arm-none.win32_1.17.0.201812190825/tools/compiler/bin/../lib/gcc/arm-none-eabi/7.3.1/thumb/v7e-m/fpv4-sp/hard\libgcc.a(_aeabi_uldivmod.o)
                0x080001c8                __aeabi_uldivmod
 .text          0x080001f8      0x2cc c:/ac6/systemworkbench/plugins/fr.ac6.mcu.externaltools.arm-none.win32_1.17.0.201812190825/tools/compiler/bin/../lib/gcc/arm-none-eabi/7.3.1/thumb/v7e-m/fpv4-sp/hard\libgcc.a(_udivmoddi4.o)
                0x080001f8                __udivmoddi4
 .text          0x080004c4        0x4 c:/ac6/systemworkbench/plugins/fr.ac6.mcu.externaltools.arm-none.win32_1.17.0.201812190825/tools/compiler/bin/../lib/gcc/arm-none-eabi/7.3.1/thumb/v7e-m/fpv4-sp/hard\libgcc.a(_dvmd_tls.o)
                0x080004c4                __aeabi_idiv0
                0x080004c4                __aeabi_ldiv0
 *(.text*)
 .text.HAL_InitTick
                0x080004c8       0x34 Drivers/STM32L4xx_HAL_Driver/Src/stm32l4xx_hal.o
                0x080004c8                HAL_InitTick
 .text.HAL_Init
                0x080004fc       0x1e Drivers/STM32L4xx_HAL_Driver/Src/stm32l4xx_hal.o
                0x080004fc                HAL_Init
 *fill*         0x0800051a        0x2 
 .text.HAL_IncTick
                0x0800051c       0x10 Drivers/STM32L4xx_HAL_Driver/Src/stm32l4xx_hal.o
                0x0800051c                HAL_IncTick
 .text.HAL_GetTick
                0x0800052c        0xc Drivers/STM32L4xx_HAL_Driver/Src/stm32l4xx_hal.o
                0x0800052c                HAL_GetTick
 .text.HAL_NVIC_SetPriorityGrouping
                0x08000538       0x24 Drivers/STM32L4xx_HAL_Driver/Src/stm32l4xx_hal_cortex.o
                0x08000538                HAL_NVIC_SetPriorityGrouping
 .text.HAL_NVIC_SetPriority
                0x0800055c       0x68 Drivers/STM32L4xx_HAL_Driver/Src/stm32l4xx_hal_cortex.o
                0x0800055c                HAL_NVIC_SetPriority
 .text.HAL_NVIC_EnableIRQ
                0x080005c4       0x18 Drivers/STM32L4xx_HAL_Driver/Src/stm32l4xx_hal_cortex.o
                0x080005c4                HAL_NVIC_EnableIRQ
 .text.HAL_SYSTICK_Config
                0x080005dc       0x2c Drivers/STM32L4xx_HAL_Driver/Src/stm32l4xx_hal_cortex.o
                0x080005dc                HAL_SYSTICK_Config
 .text.HAL_GPIO_Init
                0x08000608      0x1d4 Drivers/STM32L4xx_HAL_Driver/Src/stm32l4xx_hal_gpio.o
                0x08000608                HAL_GPIO_Init
 .text.HAL_GPIO_WritePin
                0x080007dc        0xa Drivers/STM32L4xx_HAL_Driver/Src/stm32l4xx_hal_gpio.o
                0x080007dc                HAL_GPIO_WritePin
 .text.HAL_GPIO_EXTI_Callback
                0x080007e6        0x2 Drivers/STM32L4xx_HAL_Driver/Src/stm32l4xx_hal_gpio.o
                0x080007e6                HAL_GPIO_EXTI_Callback
 .text.HAL_GPIO_EXTI_IRQHandler
                0x080007e8       0x1c Drivers/STM32L4xx_HAL_Driver/Src/stm32l4xx_hal_gpio.o
                0x080007e8                HAL_GPIO_EXTI_IRQHandler
 .text.HAL_PWREx_GetVoltageRange
                0x08000804       0x10 Drivers/STM32L4xx_HAL_Driver/Src/stm32l4xx_hal_pwr_ex.o
                0x08000804                HAL_PWREx_GetVoltageRange
 .text.HAL_PWREx_ControlVoltageScaling
                0x08000814       0x90 Drivers/STM32L4xx_HAL_Driver/Src/stm32l4xx_hal_pwr_ex.o
                0x08000814                HAL_PWREx_ControlVoltageScaling
 .text.RCC_SetFlashLatencyFromMSIRange
                0x080008a4       0x90 Drivers/STM32L4xx_HAL_Driver/Src/stm32l4xx_hal_rcc.o
 .text.HAL_RCC_GetSysClockFreq
                0x08000934       0xd8 Drivers/STM32L4xx_HAL_Driver/Src/stm32l4xx_hal_rcc.o
                0x08000934                HAL_RCC_GetSysClockFreq
 .text.HAL_RCC_OscConfig
                0x08000a0c      0x550 Drivers/STM32L4xx_HAL_Driver/Src/stm32l4xx_hal_rcc.o
                0x08000a0c                HAL_RCC_OscConfig
 .text.HAL_RCC_ClockConfig
                0x08000f5c      0x154 Drivers/STM32L4xx_HAL_Driver/Src/stm32l4xx_hal_rcc.o
                0x08000f5c                HAL_RCC_ClockConfig
 .text.HAL_RCC_GetHCLKFreq
                0x080010b0        0xc Drivers/STM32L4xx_HAL_Driver/Src/stm32l4xx_hal_rcc.o
                0x080010b0                HAL_RCC_GetHCLKFreq
 .text.HAL_RCC_GetPCLK1Freq
                0x080010bc       0x24 Drivers/STM32L4xx_HAL_Driver/Src/stm32l4xx_hal_rcc.o
                0x080010bc                HAL_RCC_GetPCLK1Freq
 .text.HAL_RCC_GetPCLK2Freq
                0x080010e0       0x24 Drivers/STM32L4xx_HAL_Driver/Src/stm32l4xx_hal_rcc.o
                0x080010e0                HAL_RCC_GetPCLK2Freq
 .text.RCCEx_PLLSAI1_Config
                0x08001104      0x170 Drivers/STM32L4xx_HAL_Driver/Src/stm32l4xx_hal_rcc_ex.o
 .text.RCCEx_PLLSAI2_Config
                0x08001274      0x14c Drivers/STM32L4xx_HAL_Driver/Src/stm32l4xx_hal_rcc_ex.o
 .text.HAL_RCCEx_PeriphCLKConfig
                0x080013c0      0x450 Drivers/STM32L4xx_HAL_Driver/Src/stm32l4xx_hal_rcc_ex.o
                0x080013c0                HAL_RCCEx_PeriphCLKConfig
 .text.TIM_OC1_SetConfig
                0x08001810       0x9c Drivers/STM32L4xx_HAL_Driver/Src/stm32l4xx_hal_tim.o
 .text.TIM_OC3_SetConfig
                0x080018ac       0x8c Drivers/STM32L4xx_HAL_Driver/Src/stm32l4xx_hal_tim.o
 .text.TIM_OC4_SetConfig
                0x08001938       0x6c Drivers/STM32L4xx_HAL_Driver/Src/stm32l4xx_hal_tim.o
 .text.TIM_OC5_SetConfig
                0x080019a4       0x68 Drivers/STM32L4xx_HAL_Driver/Src/stm32l4xx_hal_tim.o
 .text.TIM_OC6_SetConfig
                0x08001a0c       0x6c Drivers/STM32L4xx_HAL_Driver/Src/stm32l4xx_hal_tim.o
 .text.TIM_Base_SetConfig
                0x08001a78       0xc8 Drivers/STM32L4xx_HAL_Driver/Src/stm32l4xx_hal_tim.o
                0x08001a78                TIM_Base_SetConfig
 .text.HAL_TIM_PWM_Init
                0x08001b40       0x32 Drivers/STM32L4xx_HAL_Driver/Src/stm32l4xx_hal_tim.o
                0x08001b40                HAL_TIM_PWM_Init
 *fill*         0x08001b72        0x2 
 .text.TIM_OC2_SetConfig
                0x08001b74       0x8c Drivers/STM32L4xx_HAL_Driver/Src/stm32l4xx_hal_tim.o
                0x08001b74                TIM_OC2_SetConfig
 .text.HAL_TIM_PWM_ConfigChannel
                0x08001c00      0x134 Drivers/STM32L4xx_HAL_Driver/Src/stm32l4xx_hal_tim.o
                0x08001c00                HAL_TIM_PWM_ConfigChannel
 .text.TIM_CCxChannelCmd
                0x08001d34       0x22 Drivers/STM32L4xx_HAL_Driver/Src/stm32l4xx_hal_tim.o
                0x08001d34                TIM_CCxChannelCmd
 *fill*         0x08001d56        0x2 
 .text.HAL_TIM_PWM_Start
                0x08001d58       0x68 Drivers/STM32L4xx_HAL_Driver/Src/stm32l4xx_hal_tim.o
                0x08001d58                HAL_TIM_PWM_Start
 .text.HAL_TIMEx_MasterConfigSynchronization
                0x08001dc0       0x64 Drivers/STM32L4xx_HAL_Driver/Src/stm32l4xx_hal_tim_ex.o
                0x08001dc0                HAL_TIMEx_MasterConfigSynchronization
 .text.UART_SetConfig
                0x08001e24      0x424 Drivers/STM32L4xx_HAL_Driver/Src/stm32l4xx_hal_uart.o
                0x08001e24                UART_SetConfig
 .text.UART_AdvFeatureConfig
                0x08002248       0xca Drivers/STM32L4xx_HAL_Driver/Src/stm32l4xx_hal_uart.o
                0x08002248                UART_AdvFeatureConfig
 .text.UART_WaitOnFlagUntilTimeout
                0x08002312       0x62 Drivers/STM32L4xx_HAL_Driver/Src/stm32l4xx_hal_uart.o
                0x08002312                UART_WaitOnFlagUntilTimeout
 .text.HAL_UART_Transmit
                0x08002374       0xce Drivers/STM32L4xx_HAL_Driver/Src/stm32l4xx_hal_uart.o
                0x08002374                HAL_UART_Transmit
 .text.HAL_UART_Receive
                0x08002442      0x10e Drivers/STM32L4xx_HAL_Driver/Src/stm32l4xx_hal_uart.o
                0x08002442                HAL_UART_Receive
 .text.UART_CheckIdleState
                0x08002550       0x70 Drivers/STM32L4xx_HAL_Driver/Src/stm32l4xx_hal_uart.o
                0x08002550                UART_CheckIdleState
 .text.HAL_UART_Init
                0x080025c0       0x66 Drivers/STM32L4xx_HAL_Driver/Src/stm32l4xx_hal_uart.o
                0x080025c0                HAL_UART_Init
 *fill*         0x08002626        0x2 
 .text.MX_GPIO_Init
                0x08002628      0x350 Src/main.o
 .text.MX_TIM3_Init
                0x08002978       0x74 Src/main.o
 .text.MX_USART1_UART_Init
                0x080029ec       0x30 Src/main.o
 .text.user_pwm_setvalue
                0x08002a1c       0x2c Src/main.o
                0x08002a1c                user_pwm_setvalue
 .text.SystemClock_Config
                0x08002a48       0x76 Src/main.o
                0x08002a48                SystemClock_Config
 *fill*         0x08002abe        0x2 
 .text.main     0x08002ac0      0x124 Src/main.o
                0x08002ac0                main
 .text.HAL_MspInit
                0x08002be4       0x30 Src/stm32l4xx_hal_msp.o
                0x08002be4                HAL_MspInit
 .text.HAL_TIM_PWM_MspInit
                0x08002c14       0x2c Src/stm32l4xx_hal_msp.o
                0x08002c14                HAL_TIM_PWM_MspInit
 .text.HAL_TIM_MspPostInit
                0x08002c40       0x50 Src/stm32l4xx_hal_msp.o
                0x08002c40                HAL_TIM_MspPostInit
 .text.HAL_UART_MspInit
                0x08002c90       0x68 Src/stm32l4xx_hal_msp.o
                0x08002c90                HAL_UART_MspInit
 .text.NMI_Handler
                0x08002cf8        0x2 Src/stm32l4xx_it.o
                0x08002cf8                NMI_Handler
 .text.HardFault_Handler
                0x08002cfa        0x2 Src/stm32l4xx_it.o
                0x08002cfa                HardFault_Handler
 .text.MemManage_Handler
                0x08002cfc        0x2 Src/stm32l4xx_it.o
                0x08002cfc                MemManage_Handler
 .text.BusFault_Handler
                0x08002cfe        0x2 Src/stm32l4xx_it.o
                0x08002cfe                BusFault_Handler
 .text.UsageFault_Handler
                0x08002d00        0x2 Src/stm32l4xx_it.o
                0x08002d00                UsageFault_Handler
 .text.SVC_Handler
                0x08002d02        0x2 Src/stm32l4xx_it.o
                0x08002d02                SVC_Handler
 .text.DebugMon_Handler
                0x08002d04        0x2 Src/stm32l4xx_it.o
                0x08002d04                DebugMon_Handler
 .text.PendSV_Handler
                0x08002d06        0x2 Src/stm32l4xx_it.o
                0x08002d06                PendSV_Handler
 .text.SysTick_Handler
                0x08002d08        0x8 Src/stm32l4xx_it.o
                0x08002d08                SysTick_Handler
 .text.EXTI9_5_IRQHandler
                0x08002d10       0x1e Src/stm32l4xx_it.o
                0x08002d10                EXTI9_5_IRQHandler
 .text.EXTI15_10_IRQHandler
                0x08002d2e       0x2c Src/stm32l4xx_it.o
                0x08002d2e                EXTI15_10_IRQHandler
 *fill*         0x08002d5a        0x2 
 .text.SystemInit
                0x08002d5c       0x48 Src/system_stm32l4xx.o
                0x08002d5c                SystemInit
 .text.Reset_Handler
                0x08002da4       0x50 startup/startup_stm32l475xx.o
                0x08002da4                Reset_Handler
 .text.Default_Handler
                0x08002df4        0x2 startup/startup_stm32l475xx.o
                0x08002df4                RTC_Alarm_IRQHandler
                0x08002df4                EXTI2_IRQHandler
                0x08002df4                TIM8_TRG_COM_IRQHandler
                0x08002df4                TIM8_CC_IRQHandler
                0x08002df4                TIM1_CC_IRQHandler
                0x08002df4                TSC_IRQHandler
                0x08002df4                TAMP_STAMP_IRQHandler
                0x08002df4                EXTI3_IRQHandler
                0x08002df4                LPTIM2_IRQHandler
                0x08002df4                DFSDM1_FLT1_IRQHandler
                0x08002df4                I2C3_ER_IRQHandler
                0x08002df4                DFSDM1_FLT2_IRQHandler
                0x08002df4                EXTI0_IRQHandler
                0x08002df4                I2C2_EV_IRQHandler
                0x08002df4                CAN1_RX0_IRQHandler
                0x08002df4                FPU_IRQHandler
                0x08002df4                TIM1_UP_TIM16_IRQHandler
                0x08002df4                ADC1_2_IRQHandler
                0x08002df4                SPI1_IRQHandler
                0x08002df4                TIM6_DAC_IRQHandler
                0x08002df4                TIM8_UP_IRQHandler
                0x08002df4                DMA2_Channel2_IRQHandler
                0x08002df4                DMA1_Channel4_IRQHandler
                0x08002df4                SAI2_IRQHandler
                0x08002df4                DFSDM1_FLT3_IRQHandler
                0x08002df4                USART3_IRQHandler
                0x08002df4                DMA1_Channel7_IRQHandler
                0x08002df4                CAN1_RX1_IRQHandler
                0x08002df4                UART5_IRQHandler
                0x08002df4                ADC3_IRQHandler
                0x08002df4                TIM4_IRQHandler
                0x08002df4                DMA2_Channel1_IRQHandler
                0x08002df4                QUADSPI_IRQHandler
                0x08002df4                I2C1_EV_IRQHandler
                0x08002df4                DMA1_Channel6_IRQHandler
                0x08002df4                UART4_IRQHandler
                0x08002df4                DMA2_Channel4_IRQHandler
                0x08002df4                TIM3_IRQHandler
                0x08002df4                RCC_IRQHandler
                0x08002df4                DMA1_Channel1_IRQHandler
                0x08002df4                Default_Handler
                0x08002df4                DMA2_Channel7_IRQHandler
                0x08002df4                TIM7_IRQHandler
                0x08002df4                SDMMC1_IRQHandler
                0x08002df4                TIM5_IRQHandler
                0x08002df4                I2C3_EV_IRQHandler
                0x08002df4                RTC_WKUP_IRQHandler
                0x08002df4                PVD_PVM_IRQHandler
                0x08002df4                SPI2_IRQHandler
                0x08002df4                CAN1_TX_IRQHandler
                0x08002df4                DMA2_Channel5_IRQHandler
                0x08002df4                DMA1_Channel5_IRQHandler
                0x08002df4                EXTI4_IRQHandler
                0x08002df4                RNG_IRQHandler
                0x08002df4                TIM1_TRG_COM_TIM17_IRQHandler
                0x08002df4                DMA1_Channel3_IRQHandler
                0x08002df4                COMP_IRQHandler
                0x08002df4                WWDG_IRQHandler
                0x08002df4                LPUART1_IRQHandler
                0x08002df4                DMA2_Channel6_IRQHandler
                0x08002df4                TIM2_IRQHandler
                0x08002df4                EXTI1_IRQHandler
                0x08002df4                USART2_IRQHandler
                0x08002df4                DFSDM1_FLT0_IRQHandler
                0x08002df4                I2C2_ER_IRQHandler
                0x08002df4                DMA1_Channel2_IRQHandler
                0x08002df4                TIM8_BRK_IRQHandler
                0x08002df4                CAN1_SCE_IRQHandler
                0x08002df4                FLASH_IRQHandler
                0x08002df4                USART1_IRQHandler
                0x08002df4                OTG_FS_IRQHandler
                0x08002df4                SPI3_IRQHandler
                0x08002df4                I2C1_ER_IRQHandler
                0x08002df4                FMC_IRQHandler
                0x08002df4                SWPMI1_IRQHandler
                0x08002df4                LPTIM1_IRQHandler
                0x08002df4                SAI1_IRQHandler
                0x08002df4                DMA2_Channel3_IRQHandler
                0x08002df4                TIM1_BRK_TIM15_IRQHandler
 *fill*         0x08002df6        0x2 
 .text.__libc_init_array
                0x08002df8       0x48 c:/ac6/systemworkbench/plugins/fr.ac6.mcu.externaltools.arm-none.win32_1.17.0.201812190825/tools/compiler/bin/../lib/gcc/arm-none-eabi/7.3.1/../../../../arm-none-eabi/lib/thumb/v7e-m/fpv4-sp/hard\libc_nano.a(lib_a-init.o)
                0x08002df8                __libc_init_array
 .text.memset   0x08002e40       0x10 c:/ac6/systemworkbench/plugins/fr.ac6.mcu.externaltools.arm-none.win32_1.17.0.201812190825/tools/compiler/bin/../lib/gcc/arm-none-eabi/7.3.1/../../../../arm-none-eabi/lib/thumb/v7e-m/fpv4-sp/hard\libc_nano.a(lib_a-memset.o)
                0x08002e40                memset
 *(.glue_7)
 .glue_7        0x08002e50        0x0 linker stubs
 *(.glue_7t)
 .glue_7t       0x08002e50        0x0 linker stubs
 *(.eh_frame)
 .eh_frame      0x08002e50        0x0 c:/ac6/systemworkbench/plugins/fr.ac6.mcu.externaltools.arm-none.win32_1.17.0.201812190825/tools/compiler/bin/../lib/gcc/arm-none-eabi/7.3.1/thumb/v7e-m/fpv4-sp/hard/crtbegin.o
 *(.init)
 .init          0x08002e50        0x4 c:/ac6/systemworkbench/plugins/fr.ac6.mcu.externaltools.arm-none.win32_1.17.0.201812190825/tools/compiler/bin/../lib/gcc/arm-none-eabi/7.3.1/thumb/v7e-m/fpv4-sp/hard/crti.o
                0x08002e50                _init
 .init          0x08002e54        0x8 c:/ac6/systemworkbench/plugins/fr.ac6.mcu.externaltools.arm-none.win32_1.17.0.201812190825/tools/compiler/bin/../lib/gcc/arm-none-eabi/7.3.1/thumb/v7e-m/fpv4-sp/hard/crtn.o
 *(.fini)
 .fini          0x08002e5c        0x4 c:/ac6/systemworkbench/plugins/fr.ac6.mcu.externaltools.arm-none.win32_1.17.0.201812190825/tools/compiler/bin/../lib/gcc/arm-none-eabi/7.3.1/thumb/v7e-m/fpv4-sp/hard/crti.o
                0x08002e5c                _fini
 .fini          0x08002e60        0x8 c:/ac6/systemworkbench/plugins/fr.ac6.mcu.externaltools.arm-none.win32_1.17.0.201812190825/tools/compiler/bin/../lib/gcc/arm-none-eabi/7.3.1/thumb/v7e-m/fpv4-sp/hard/crtn.o
                0x08002e68                . = ALIGN (0x8)
                0x08002e68                _etext = .

.vfp11_veneer   0x08002e68        0x0
 .vfp11_veneer  0x08002e68        0x0 linker stubs

.v4_bx          0x08002e68        0x0
 .v4_bx         0x08002e68        0x0 linker stubs

.iplt           0x08002e68        0x0
 .iplt          0x08002e68        0x0 c:/ac6/systemworkbench/plugins/fr.ac6.mcu.externaltools.arm-none.win32_1.17.0.201812190825/tools/compiler/bin/../lib/gcc/arm-none-eabi/7.3.1/thumb/v7e-m/fpv4-sp/hard/crtbegin.o

.rodata         0x08002e68       0x48
                0x08002e68                . = ALIGN (0x8)
 *(.rodata)
 .rodata        0x08002e68       0x48 Src/system_stm32l4xx.o
                0x08002e68                MSIRangeTable
                0x08002e98                AHBPrescTable
                0x08002ea8                APBPrescTable
 *(.rodata*)
                0x08002eb0                . = ALIGN (0x8)

.ARM.extab      0x08002eb0        0x0
                0x08002eb0                . = ALIGN (0x8)
 *(.ARM.extab* .gnu.linkonce.armextab.*)
                0x08002eb0                . = ALIGN (0x8)

.ARM            0x08002eb0        0x8
                0x08002eb0                . = ALIGN (0x8)
                0x08002eb0                __exidx_start = .
 *(.ARM.exidx*)
 .ARM.exidx     0x08002eb0        0x8 c:/ac6/systemworkbench/plugins/fr.ac6.mcu.externaltools.arm-none.win32_1.17.0.201812190825/tools/compiler/bin/../lib/gcc/arm-none-eabi/7.3.1/thumb/v7e-m/fpv4-sp/hard\libgcc.a(_udivmoddi4.o)
                0x08002eb8                __exidx_end = .
                0x08002eb8                . = ALIGN (0x8)

.rel.dyn        0x08002eb8        0x0
 .rel.iplt      0x08002eb8        0x0 c:/ac6/systemworkbench/plugins/fr.ac6.mcu.externaltools.arm-none.win32_1.17.0.201812190825/tools/compiler/bin/../lib/gcc/arm-none-eabi/7.3.1/thumb/v7e-m/fpv4-sp/hard/crtbegin.o

.preinit_array  0x08002eb8        0x0
                0x08002eb8                . = ALIGN (0x8)
                0x08002eb8                PROVIDE (__preinit_array_start = .)
 *(.preinit_array*)
                0x08002eb8                PROVIDE (__preinit_array_end = .)
                0x08002eb8                . = ALIGN (0x8)

.init_array     0x08002eb8        0x8
                0x08002eb8                . = ALIGN (0x8)
                0x08002eb8                PROVIDE (__init_array_start = .)
 *(SORT_BY_NAME(.init_array.*))
 *(.init_array*)
 .init_array    0x08002eb8        0x4 c:/ac6/systemworkbench/plugins/fr.ac6.mcu.externaltools.arm-none.win32_1.17.0.201812190825/tools/compiler/bin/../lib/gcc/arm-none-eabi/7.3.1/thumb/v7e-m/fpv4-sp/hard/crtbegin.o
                0x08002ebc                PROVIDE (__init_array_end = .)
                0x08002ec0                . = ALIGN (0x8)
 *fill*         0x08002ebc        0x4 

.fini_array     0x08002ec0        0x8
                0x08002ec0                . = ALIGN (0x8)
                [!provide]                PROVIDE (__fini_array_start = .)
 *(SORT_BY_NAME(.fini_array.*))
 *(.fini_array*)
 .fini_array    0x08002ec0        0x4 c:/ac6/systemworkbench/plugins/fr.ac6.mcu.externaltools.arm-none.win32_1.17.0.201812190825/tools/compiler/bin/../lib/gcc/arm-none-eabi/7.3.1/thumb/v7e-m/fpv4-sp/hard/crtbegin.o
                [!provide]                PROVIDE (__fini_array_end = .)
                0x08002ec8                . = ALIGN (0x8)
 *fill*         0x08002ec4        0x4 
                0x08002ec8                _sidata = LOADADDR (.data)

.data           0x20000000        0x8 load address 0x08002ec8
                0x20000000                . = ALIGN (0x8)
                0x20000000                _sdata = .
 *(.data)
 .data          0x20000000        0x4 Src/main.o
 .data          0x20000004        0x4 Src/system_stm32l4xx.o
                0x20000004                SystemCoreClock
 *(.data*)
                0x20000008                . = ALIGN (0x8)
                0x20000008                _edata = .

.igot.plt       0x20000008        0x0 load address 0x08002ed0
 .igot.plt      0x20000008        0x0 c:/ac6/systemworkbench/plugins/fr.ac6.mcu.externaltools.arm-none.win32_1.17.0.201812190825/tools/compiler/bin/../lib/gcc/arm-none-eabi/7.3.1/thumb/v7e-m/fpv4-sp/hard/crtbegin.o
                0x20000008                . = ALIGN (0x4)

.bss            0x20000008       0xd8 load address 0x08002ed0
                0x20000008                _sbss = .
                0x20000008                __bss_start__ = _sbss
 *(.bss)
 .bss           0x20000008       0x1c c:/ac6/systemworkbench/plugins/fr.ac6.mcu.externaltools.arm-none.win32_1.17.0.201812190825/tools/compiler/bin/../lib/gcc/arm-none-eabi/7.3.1/thumb/v7e-m/fpv4-sp/hard/crtbegin.o
 *(.bss*)
 *(COMMON)
 COMMON         0x20000024        0x4 Drivers/STM32L4xx_HAL_Driver/Src/stm32l4xx_hal.o
                0x20000024                uwTick
 COMMON         0x20000028       0xb8 Src/main.o
                0x20000028                htim3
                0x20000068                huart1
                0x200000e0                . = ALIGN (0x4)
                0x200000e0                _ebss = .
                0x200000e0                __bss_end__ = _ebss

._user_heap_stack
                0x200000e0      0x600 load address 0x08002ed0
                0x200000e0                . = ALIGN (0x8)
                0x200000e0                PROVIDE (end = .)
                [!provide]                PROVIDE (_end = .)
                0x200002e0                . = (. + _Min_Heap_Size)
 *fill*         0x200000e0      0x200 
                0x200006e0                . = (. + _Min_Stack_Size)
 *fill*         0x200002e0      0x400 
                0x200006e0                . = ALIGN (0x8)

/DISCARD/
 libc.a(*)
 libm.a(*)
 libgcc.a(*)

.ARM.attributes
                0x00000000       0x30
 *(.ARM.attributes)
 .ARM.attributes
                0x00000000       0x22 c:/ac6/systemworkbench/plugins/fr.ac6.mcu.externaltools.arm-none.win32_1.17.0.201812190825/tools/compiler/bin/../lib/gcc/arm-none-eabi/7.3.1/thumb/v7e-m/fpv4-sp/hard/crti.o
 .ARM.attributes
                0x00000022       0x34 c:/ac6/systemworkbench/plugins/fr.ac6.mcu.externaltools.arm-none.win32_1.17.0.201812190825/tools/compiler/bin/../lib/gcc/arm-none-eabi/7.3.1/thumb/v7e-m/fpv4-sp/hard/crtbegin.o
 .ARM.attributes
                0x00000056       0x39 Drivers/STM32L4xx_HAL_Driver/Src/stm32l4xx_hal.o
 .ARM.attributes
                0x0000008f       0x39 Drivers/STM32L4xx_HAL_Driver/Src/stm32l4xx_hal_cortex.o
 .ARM.attributes
                0x000000c8       0x39 Drivers/STM32L4xx_HAL_Driver/Src/stm32l4xx_hal_gpio.o
 .ARM.attributes
                0x00000101       0x39 Drivers/STM32L4xx_HAL_Driver/Src/stm32l4xx_hal_pwr_ex.o
 .ARM.attributes
                0x0000013a       0x39 Drivers/STM32L4xx_HAL_Driver/Src/stm32l4xx_hal_rcc.o
 .ARM.attributes
                0x00000173       0x39 Drivers/STM32L4xx_HAL_Driver/Src/stm32l4xx_hal_rcc_ex.o
 .ARM.attributes
                0x000001ac       0x39 Drivers/STM32L4xx_HAL_Driver/Src/stm32l4xx_hal_tim.o
 .ARM.attributes
                0x000001e5       0x39 Drivers/STM32L4xx_HAL_Driver/Src/stm32l4xx_hal_tim_ex.o
 .ARM.attributes
                0x0000021e       0x39 Drivers/STM32L4xx_HAL_Driver/Src/stm32l4xx_hal_uart.o
 .ARM.attributes
                0x00000257       0x39 Src/main.o
 .ARM.attributes
                0x00000290       0x39 Src/stm32l4xx_hal_msp.o
 .ARM.attributes
                0x000002c9       0x39 Src/stm32l4xx_it.o
 .ARM.attributes
                0x00000302       0x39 Src/system_stm32l4xx.o
 .ARM.attributes
                0x0000033b       0x21 startup/startup_stm32l475xx.o
 .ARM.attributes
                0x0000035c       0x22 c:/ac6/systemworkbench/plugins/fr.ac6.mcu.externaltools.arm-none.win32_1.17.0.201812190825/tools/compiler/bin/../lib/gcc/arm-none-eabi/7.3.1/thumb/v7e-m/fpv4-sp/hard\libgcc.a(_aeabi_uldivmod.o)
 .ARM.attributes
                0x0000037e       0x34 c:/ac6/systemworkbench/plugins/fr.ac6.mcu.externaltools.arm-none.win32_1.17.0.201812190825/tools/compiler/bin/../lib/gcc/arm-none-eabi/7.3.1/thumb/v7e-m/fpv4-sp/hard\libgcc.a(_udivmoddi4.o)
 .ARM.attributes
                0x000003b2       0x22 c:/ac6/systemworkbench/plugins/fr.ac6.mcu.externaltools.arm-none.win32_1.17.0.201812190825/tools/compiler/bin/../lib/gcc/arm-none-eabi/7.3.1/thumb/v7e-m/fpv4-sp/hard\libgcc.a(_dvmd_tls.o)
 .ARM.attributes
                0x000003d4       0x34 c:/ac6/systemworkbench/plugins/fr.ac6.mcu.externaltools.arm-none.win32_1.17.0.201812190825/tools/compiler/bin/../lib/gcc/arm-none-eabi/7.3.1/../../../../arm-none-eabi/lib/thumb/v7e-m/fpv4-sp/hard\libc_nano.a(lib_a-init.o)
 .ARM.attributes
                0x00000408       0x34 c:/ac6/systemworkbench/plugins/fr.ac6.mcu.externaltools.arm-none.win32_1.17.0.201812190825/tools/compiler/bin/../lib/gcc/arm-none-eabi/7.3.1/../../../../arm-none-eabi/lib/thumb/v7e-m/fpv4-sp/hard\libc_nano.a(lib_a-memset.o)
 .ARM.attributes
                0x0000043c       0x22 c:/ac6/systemworkbench/plugins/fr.ac6.mcu.externaltools.arm-none.win32_1.17.0.201812190825/tools/compiler/bin/../lib/gcc/arm-none-eabi/7.3.1/thumb/v7e-m/fpv4-sp/hard/crtn.o
OUTPUT(uart_pwm.elf elf32-littlearm)

.debug_info     0x00000000     0xe13c
 .debug_info    0x00000000      0xae1 Drivers/STM32L4xx_HAL_Driver/Src/stm32l4xx_hal.o
 .debug_info    0x00000ae1      0xf68 Drivers/STM32L4xx_HAL_Driver/Src/stm32l4xx_hal_cortex.o
 .debug_info    0x00001a49      0x85c Drivers/STM32L4xx_HAL_Driver/Src/stm32l4xx_hal_gpio.o
 .debug_info    0x000022a5      0xae8 Drivers/STM32L4xx_HAL_Driver/Src/stm32l4xx_hal_pwr_ex.o
 .debug_info    0x00002d8d      0xe15 Drivers/STM32L4xx_HAL_Driver/Src/stm32l4xx_hal_rcc.o
 .debug_info    0x00003ba2     0x1174 Drivers/STM32L4xx_HAL_Driver/Src/stm32l4xx_hal_rcc_ex.o
 .debug_info    0x00004d16     0x2fc2 Drivers/STM32L4xx_HAL_Driver/Src/stm32l4xx_hal_tim.o
 .debug_info    0x00007cd8     0x151d Drivers/STM32L4xx_HAL_Driver/Src/stm32l4xx_hal_tim_ex.o
 .debug_info    0x000091f5     0x1be3 Drivers/STM32L4xx_HAL_Driver/Src/stm32l4xx_hal_uart.o
 .debug_info    0x0000add8     0x1be1 Src/main.o
 .debug_info    0x0000c9b9      0xe91 Src/stm32l4xx_hal_msp.o
 .debug_info    0x0000d84a      0x303 Src/stm32l4xx_it.o
 .debug_info    0x0000db4d      0x5cd Src/system_stm32l4xx.o
 .debug_info    0x0000e11a       0x22 startup/startup_stm32l475xx.o

.debug_abbrev   0x00000000     0x1a80
 .debug_abbrev  0x00000000      0x1fc Drivers/STM32L4xx_HAL_Driver/Src/stm32l4xx_hal.o
 .debug_abbrev  0x000001fc      0x2fa Drivers/STM32L4xx_HAL_Driver/Src/stm32l4xx_hal_cortex.o
 .debug_abbrev  0x000004f6      0x1de Drivers/STM32L4xx_HAL_Driver/Src/stm32l4xx_hal_gpio.o
 .debug_abbrev  0x000006d4      0x1fc Drivers/STM32L4xx_HAL_Driver/Src/stm32l4xx_hal_pwr_ex.o
 .debug_abbrev  0x000008d0      0x22c Drivers/STM32L4xx_HAL_Driver/Src/stm32l4xx_hal_rcc.o
 .debug_abbrev  0x00000afc      0x24c Drivers/STM32L4xx_HAL_Driver/Src/stm32l4xx_hal_rcc_ex.o
 .debug_abbrev  0x00000d48      0x21b Drivers/STM32L4xx_HAL_Driver/Src/stm32l4xx_hal_tim.o
 .debug_abbrev  0x00000f63      0x246 Drivers/STM32L4xx_HAL_Driver/Src/stm32l4xx_hal_tim_ex.o
 .debug_abbrev  0x000011a9      0x24d Drivers/STM32L4xx_HAL_Driver/Src/stm32l4xx_hal_uart.o
 .debug_abbrev  0x000013f6      0x28b Src/main.o
 .debug_abbrev  0x00001681      0x1cb Src/stm32l4xx_hal_msp.o
 .debug_abbrev  0x0000184c       0xee Src/stm32l4xx_it.o
 .debug_abbrev  0x0000193a      0x134 Src/system_stm32l4xx.o
 .debug_abbrev  0x00001a6e       0x12 startup/startup_stm32l475xx.o

.debug_loc      0x00000000     0x9e9d
 .debug_loc     0x00000000      0x134 Drivers/STM32L4xx_HAL_Driver/Src/stm32l4xx_hal.o
 .debug_loc     0x00000134      0x5ce Drivers/STM32L4xx_HAL_Driver/Src/stm32l4xx_hal_cortex.o
 .debug_loc     0x00000702      0x35d Drivers/STM32L4xx_HAL_Driver/Src/stm32l4xx_hal_gpio.o
 .debug_loc     0x00000a5f      0x960 Drivers/STM32L4xx_HAL_Driver/Src/stm32l4xx_hal_pwr_ex.o
 .debug_loc     0x000013bf      0x60e Drivers/STM32L4xx_HAL_Driver/Src/stm32l4xx_hal_rcc.o
 .debug_loc     0x000019cd     0x1ba8 Drivers/STM32L4xx_HAL_Driver/Src/stm32l4xx_hal_rcc_ex.o
 .debug_loc     0x00003575     0x3733 Drivers/STM32L4xx_HAL_Driver/Src/stm32l4xx_hal_tim.o
 .debug_loc     0x00006ca8     0x16d1 Drivers/STM32L4xx_HAL_Driver/Src/stm32l4xx_hal_tim_ex.o
 .debug_loc     0x00008379     0x1856 Drivers/STM32L4xx_HAL_Driver/Src/stm32l4xx_hal_uart.o
 .debug_loc     0x00009bcf       0x68 Src/main.o
 .debug_loc     0x00009c37       0xae Src/stm32l4xx_hal_msp.o
 .debug_loc     0x00009ce5      0x1b8 Src/system_stm32l4xx.o

.debug_aranges  0x00000000      0xcc8
 .debug_aranges
                0x00000000      0x118 Drivers/STM32L4xx_HAL_Driver/Src/stm32l4xx_hal.o
 .debug_aranges
                0x00000118       0xa8 Drivers/STM32L4xx_HAL_Driver/Src/stm32l4xx_hal_cortex.o
 .debug_aranges
                0x000001c0       0x58 Drivers/STM32L4xx_HAL_Driver/Src/stm32l4xx_hal_gpio.o
 .debug_aranges
                0x00000218      0x148 Drivers/STM32L4xx_HAL_Driver/Src/stm32l4xx_hal_pwr_ex.o
 .debug_aranges
                0x00000360       0x88 Drivers/STM32L4xx_HAL_Driver/Src/stm32l4xx_hal_rcc.o
 .debug_aranges
                0x000003e8       0xc0 Drivers/STM32L4xx_HAL_Driver/Src/stm32l4xx_hal_rcc_ex.o
 .debug_aranges
                0x000004a8      0x378 Drivers/STM32L4xx_HAL_Driver/Src/stm32l4xx_hal_tim.o
 .debug_aranges
                0x00000820      0x158 Drivers/STM32L4xx_HAL_Driver/Src/stm32l4xx_hal_tim_ex.o
 .debug_aranges
                0x00000978      0x1f8 Drivers/STM32L4xx_HAL_Driver/Src/stm32l4xx_hal_uart.o
 .debug_aranges
                0x00000b70       0x50 Src/main.o
 .debug_aranges
                0x00000bc0       0x48 Src/stm32l4xx_hal_msp.o
 .debug_aranges
                0x00000c08       0x70 Src/stm32l4xx_it.o
 .debug_aranges
                0x00000c78       0x28 Src/system_stm32l4xx.o
 .debug_aranges
                0x00000ca0       0x28 startup/startup_stm32l475xx.o

.debug_ranges   0x00000000      0xc88
 .debug_ranges  0x00000000      0x108 Drivers/STM32L4xx_HAL_Driver/Src/stm32l4xx_hal.o
 .debug_ranges  0x00000108       0xf8 Drivers/STM32L4xx_HAL_Driver/Src/stm32l4xx_hal_cortex.o
 .debug_ranges  0x00000200       0x48 Drivers/STM32L4xx_HAL_Driver/Src/stm32l4xx_hal_gpio.o
 .debug_ranges  0x00000248      0x138 Drivers/STM32L4xx_HAL_Driver/Src/stm32l4xx_hal_pwr_ex.o
 .debug_ranges  0x00000380       0x90 Drivers/STM32L4xx_HAL_Driver/Src/stm32l4xx_hal_rcc.o
 .debug_ranges  0x00000410       0xd0 Drivers/STM32L4xx_HAL_Driver/Src/stm32l4xx_hal_rcc_ex.o
 .debug_ranges  0x000004e0      0x368 Drivers/STM32L4xx_HAL_Driver/Src/stm32l4xx_hal_tim.o
 .debug_ranges  0x00000848      0x148 Drivers/STM32L4xx_HAL_Driver/Src/stm32l4xx_hal_tim_ex.o
 .debug_ranges  0x00000990      0x1e8 Drivers/STM32L4xx_HAL_Driver/Src/stm32l4xx_hal_uart.o
 .debug_ranges  0x00000b78       0x40 Src/main.o
 .debug_ranges  0x00000bb8       0x38 Src/stm32l4xx_hal_msp.o
 .debug_ranges  0x00000bf0       0x60 Src/stm32l4xx_it.o
 .debug_ranges  0x00000c50       0x18 Src/system_stm32l4xx.o
 .debug_ranges  0x00000c68       0x20 startup/startup_stm32l475xx.o

.debug_macro    0x00000000    0x259b3
 .debug_macro   0x00000000      0x233 Drivers/STM32L4xx_HAL_Driver/Src/stm32l4xx_hal.o
 .debug_macro   0x00000233      0xa60 Drivers/STM32L4xx_HAL_Driver/Src/stm32l4xx_hal.o
 .debug_macro   0x00000c93       0xc0 Drivers/STM32L4xx_HAL_Driver/Src/stm32l4xx_hal.o
 .debug_macro   0x00000d53       0x2e Drivers/STM32L4xx_HAL_Driver/Src/stm32l4xx_hal.o
 .debug_macro   0x00000d81       0x28 Drivers/STM32L4xx_HAL_Driver/Src/stm32l4xx_hal.o
 .debug_macro   0x00000da9       0x22 Drivers/STM32L4xx_HAL_Driver/Src/stm32l4xx_hal.o
 .debug_macro   0x00000dcb       0x8e Drivers/STM32L4xx_HAL_Driver/Src/stm32l4xx_hal.o
 .debug_macro   0x00000e59       0x51 Drivers/STM32L4xx_HAL_Driver/Src/stm32l4xx_hal.o
 .debug_macro   0x00000eaa       0xef Drivers/STM32L4xx_HAL_Driver/Src/stm32l4xx_hal.o
 .debug_macro   0x00000f99       0x6a Drivers/STM32L4xx_HAL_Driver/Src/stm32l4xx_hal.o
 .debug_macro   0x00001003      0x1df Drivers/STM32L4xx_HAL_Driver/Src/stm32l4xx_hal.o
 .debug_macro   0x000011e2       0x35 Drivers/STM32L4xx_HAL_Driver/Src/stm32l4xx_hal.o
 .debug_macro   0x00001217       0x50 Drivers/STM32L4xx_HAL_Driver/Src/stm32l4xx_hal.o
 .debug_macro   0x00001267      0xe66 Drivers/STM32L4xx_HAL_Driver/Src/stm32l4xx_hal.o
 .debug_macro   0x000020cd    0x19d9a Drivers/STM32L4xx_HAL_Driver/Src/stm32l4xx_hal.o
 .debug_macro   0x0001be67       0x43 Drivers/STM32L4xx_HAL_Driver/Src/stm32l4xx_hal.o
 .debug_macro   0x0001beaa     0x3788 Drivers/STM32L4xx_HAL_Driver/Src/stm32l4xx_hal.o
 .debug_macro   0x0001f632      0x174 Drivers/STM32L4xx_HAL_Driver/Src/stm32l4xx_hal.o
 .debug_macro   0x0001f7a6       0x50 Drivers/STM32L4xx_HAL_Driver/Src/stm32l4xx_hal.o
 .debug_macro   0x0001f7f6     0x1519 Drivers/STM32L4xx_HAL_Driver/Src/stm32l4xx_hal.o
 .debug_macro   0x00020d0f      0x59e Drivers/STM32L4xx_HAL_Driver/Src/stm32l4xx_hal.o
 .debug_macro   0x000212ad      0x241 Drivers/STM32L4xx_HAL_Driver/Src/stm32l4xx_hal.o
 .debug_macro   0x000214ee      0x148 Drivers/STM32L4xx_HAL_Driver/Src/stm32l4xx_hal.o
 .debug_macro   0x00021636      0x17d Drivers/STM32L4xx_HAL_Driver/Src/stm32l4xx_hal.o
 .debug_macro   0x000217b3      0x26b Drivers/STM32L4xx_HAL_Driver/Src/stm32l4xx_hal.o
 .debug_macro   0x00021a1e      0x23a Drivers/STM32L4xx_HAL_Driver/Src/stm32l4xx_hal.o
 .debug_macro   0x00021c58      0x36e Drivers/STM32L4xx_HAL_Driver/Src/stm32l4xx_hal.o
 .debug_macro   0x00021fc6       0xe4 Drivers/STM32L4xx_HAL_Driver/Src/stm32l4xx_hal.o
 .debug_macro   0x000220aa      0x22c Drivers/STM32L4xx_HAL_Driver/Src/stm32l4xx_hal.o
 .debug_macro   0x000222d6       0x61 Drivers/STM32L4xx_HAL_Driver/Src/stm32l4xx_hal.o
 .debug_macro   0x00022337       0xa5 Drivers/STM32L4xx_HAL_Driver/Src/stm32l4xx_hal.o
 .debug_macro   0x000223dc      0x126 Drivers/STM32L4xx_HAL_Driver/Src/stm32l4xx_hal.o
 .debug_macro   0x00022502      0x3db Drivers/STM32L4xx_HAL_Driver/Src/stm32l4xx_hal.o
 .debug_macro   0x000228dd      0x9f7 Drivers/STM32L4xx_HAL_Driver/Src/stm32l4xx_hal.o
 .debug_macro   0x000232d4      0x1ec Drivers/STM32L4xx_HAL_Driver/Src/stm32l4xx_hal.o
 .debug_macro   0x000234c0      0x55f Drivers/STM32L4xx_HAL_Driver/Src/stm32l4xx_hal.o
 .debug_macro   0x00023a1f       0x44 Drivers/STM32L4xx_HAL_Driver/Src/stm32l4xx_hal.o
 .debug_macro   0x00023a63      0x325 Drivers/STM32L4xx_HAL_Driver/Src/stm32l4xx_hal.o
 .debug_macro   0x00023d88      0x1e5 Drivers/STM32L4xx_HAL_Driver/Src/stm32l4xx_hal_cortex.o
 .debug_macro   0x00023f6d      0x224 Drivers/STM32L4xx_HAL_Driver/Src/stm32l4xx_hal_gpio.o
 .debug_macro   0x00024191      0x209 Drivers/STM32L4xx_HAL_Driver/Src/stm32l4xx_hal_pwr_ex.o
 .debug_macro   0x0002439a      0x227 Drivers/STM32L4xx_HAL_Driver/Src/stm32l4xx_hal_rcc.o
 .debug_macro   0x000245c1      0x21b Drivers/STM32L4xx_HAL_Driver/Src/stm32l4xx_hal_rcc_ex.o
 .debug_macro   0x000247dc      0x1e6 Drivers/STM32L4xx_HAL_Driver/Src/stm32l4xx_hal_tim.o
 .debug_macro   0x000249c2      0x1e5 Drivers/STM32L4xx_HAL_Driver/Src/stm32l4xx_hal_tim_ex.o
 .debug_macro   0x00024ba7      0x210 Drivers/STM32L4xx_HAL_Driver/Src/stm32l4xx_hal_uart.o
 .debug_macro   0x00024db7      0x1f4 Src/main.o
 .debug_macro   0x00024fab      0x42a Src/main.o
 .debug_macro   0x000253d5      0x1f4 Src/stm32l4xx_hal_msp.o
 .debug_macro   0x000255c9      0x1fe Src/stm32l4xx_it.o
 .debug_macro   0x000257c7      0x1ec Src/system_stm32l4xx.o

.debug_line     0x00000000     0x979e
 .debug_line    0x00000000      0x955 Drivers/STM32L4xx_HAL_Driver/Src/stm32l4xx_hal.o
 .debug_line    0x00000955      0x92c Drivers/STM32L4xx_HAL_Driver/Src/stm32l4xx_hal_cortex.o
 .debug_line    0x00001281      0x874 Drivers/STM32L4xx_HAL_Driver/Src/stm32l4xx_hal_gpio.o
 .debug_line    0x00001af5      0xb89 Drivers/STM32L4xx_HAL_Driver/Src/stm32l4xx_hal_pwr_ex.o
 .debug_line    0x0000267e      0xa67 Drivers/STM32L4xx_HAL_Driver/Src/stm32l4xx_hal_rcc.o
 .debug_line    0x000030e5      0xcf4 Drivers/STM32L4xx_HAL_Driver/Src/stm32l4xx_hal_rcc_ex.o
 .debug_line    0x00003dd9     0x1a12 Drivers/STM32L4xx_HAL_Driver/Src/stm32l4xx_hal_tim.o
 .debug_line    0x000057eb      0xdf3 Drivers/STM32L4xx_HAL_Driver/Src/stm32l4xx_hal_tim_ex.o
 .debug_line    0x000065de     0x1295 Drivers/STM32L4xx_HAL_Driver/Src/stm32l4xx_hal_uart.o
 .debug_line    0x00007873      0x84d Src/main.o
 .debug_line    0x000080c0      0x77a Src/stm32l4xx_hal_msp.o
 .debug_line    0x0000883a      0x7b4 Src/stm32l4xx_it.o
 .debug_line    0x00008fee      0x731 Src/system_stm32l4xx.o
 .debug_line    0x0000971f       0x7f startup/startup_stm32l475xx.o

.debug_str      0x00000000    0xeb3f4
 .debug_str     0x00000000    0xe66bd Drivers/STM32L4xx_HAL_Driver/Src/stm32l4xx_hal.o
                              0xe6af9 (size before relaxing)
 .debug_str     0x000e66bd      0x3a7 Drivers/STM32L4xx_HAL_Driver/Src/stm32l4xx_hal_cortex.o
                              0xe6855 (size before relaxing)
 .debug_str     0x000e6a64      0x2c1 Drivers/STM32L4xx_HAL_Driver/Src/stm32l4xx_hal_gpio.o
                              0xe629a (size before relaxing)
 .debug_str     0x000e6d25      0x4ad Drivers/STM32L4xx_HAL_Driver/Src/stm32l4xx_hal_pwr_ex.o
                              0xe652f (size before relaxing)
 .debug_str     0x000e71d2      0x522 Drivers/STM32L4xx_HAL_Driver/Src/stm32l4xx_hal_rcc.o
                              0xe6613 (size before relaxing)
 .debug_str     0x000e76f4      0x633 Drivers/STM32L4xx_HAL_Driver/Src/stm32l4xx_hal_rcc_ex.o
                              0xe67fd (size before relaxing)
 .debug_str     0x000e7d27     0x10e8 Drivers/STM32L4xx_HAL_Driver/Src/stm32l4xx_hal_tim.o
                              0xe7066 (size before relaxing)
 .debug_str     0x000e8e0f      0x60a Drivers/STM32L4xx_HAL_Driver/Src/stm32l4xx_hal_tim_ex.o
                              0xe6a31 (size before relaxing)
 .debug_str     0x000e9419      0xa63 Drivers/STM32L4xx_HAL_Driver/Src/stm32l4xx_hal_uart.o
                              0xe6ccd (size before relaxing)
 .debug_str     0x000e9e7c     0x13f5 Src/main.o
                              0xe8566 (size before relaxing)
 .debug_str     0x000eb271       0x24 Src/stm32l4xx_hal_msp.o
                              0xe7a57 (size before relaxing)
 .debug_str     0x000eb295       0xe0 Src/stm32l4xx_it.o
                              0xe7246 (size before relaxing)
 .debug_str     0x000eb375       0x50 Src/system_stm32l4xx.o
                              0xe6016 (size before relaxing)
 .debug_str     0x000eb3c5       0x2f startup/startup_stm32l475xx.o
                                 0x5c (size before relaxing)

.comment        0x00000000       0x7f
 .comment       0x00000000       0x7f Drivers/STM32L4xx_HAL_Driver/Src/stm32l4xx_hal.o
                                 0x80 (size before relaxing)
 .comment       0x0000007f       0x80 Drivers/STM32L4xx_HAL_Driver/Src/stm32l4xx_hal_cortex.o
 .comment       0x0000007f       0x80 Drivers/STM32L4xx_HAL_Driver/Src/stm32l4xx_hal_gpio.o
 .comment       0x0000007f       0x80 Drivers/STM32L4xx_HAL_Driver/Src/stm32l4xx_hal_pwr_ex.o
 .comment       0x0000007f       0x80 Drivers/STM32L4xx_HAL_Driver/Src/stm32l4xx_hal_rcc.o
 .comment       0x0000007f       0x80 Drivers/STM32L4xx_HAL_Driver/Src/stm32l4xx_hal_rcc_ex.o
 .comment       0x0000007f       0x80 Drivers/STM32L4xx_HAL_Driver/Src/stm32l4xx_hal_tim.o
 .comment       0x0000007f       0x80 Drivers/STM32L4xx_HAL_Driver/Src/stm32l4xx_hal_tim_ex.o
 .comment       0x0000007f       0x80 Drivers/STM32L4xx_HAL_Driver/Src/stm32l4xx_hal_uart.o
 .comment       0x0000007f       0x80 Src/main.o
 .comment       0x0000007f       0x80 Src/stm32l4xx_hal_msp.o
 .comment       0x0000007f       0x80 Src/stm32l4xx_it.o
 .comment       0x0000007f       0x80 Src/system_stm32l4xx.o

.debug_frame    0x00000000     0x2124
 .debug_frame   0x00000000      0x23c Drivers/STM32L4xx_HAL_Driver/Src/stm32l4xx_hal.o
 .debug_frame   0x0000023c      0x15c Drivers/STM32L4xx_HAL_Driver/Src/stm32l4xx_hal_cortex.o
 .debug_frame   0x00000398       0xd8 Drivers/STM32L4xx_HAL_Driver/Src/stm32l4xx_hal_gpio.o
 .debug_frame   0x00000470      0x278 Drivers/STM32L4xx_HAL_Driver/Src/stm32l4xx_hal_pwr_ex.o
 .debug_frame   0x000006e8      0x18c Drivers/STM32L4xx_HAL_Driver/Src/stm32l4xx_hal_rcc.o
 .debug_frame   0x00000874      0x204 Drivers/STM32L4xx_HAL_Driver/Src/stm32l4xx_hal_rcc_ex.o
 .debug_frame   0x00000a78      0xa0c Drivers/STM32L4xx_HAL_Driver/Src/stm32l4xx_hal_tim.o
 .debug_frame   0x00001484      0x3f0 Drivers/STM32L4xx_HAL_Driver/Src/stm32l4xx_hal_tim_ex.o
 .debug_frame   0x00001874      0x570 Drivers/STM32L4xx_HAL_Driver/Src/stm32l4xx_hal_uart.o
 .debug_frame   0x00001de4       0xe4 Src/main.o
 .debug_frame   0x00001ec8       0xa8 Src/stm32l4xx_hal_msp.o
 .debug_frame   0x00001f70       0xd8 Src/stm32l4xx_it.o
 .debug_frame   0x00002048       0x30 Src/system_stm32l4xx.o
 .debug_frame   0x00002078       0x2c c:/ac6/systemworkbench/plugins/fr.ac6.mcu.externaltools.arm-none.win32_1.17.0.201812190825/tools/compiler/bin/../lib/gcc/arm-none-eabi/7.3.1/thumb/v7e-m/fpv4-sp/hard\libgcc.a(_aeabi_uldivmod.o)
 .debug_frame   0x000020a4       0x34 c:/ac6/systemworkbench/plugins/fr.ac6.mcu.externaltools.arm-none.win32_1.17.0.201812190825/tools/compiler/bin/../lib/gcc/arm-none-eabi/7.3.1/thumb/v7e-m/fpv4-sp/hard\libgcc.a(_udivmoddi4.o)
 .debug_frame   0x000020d8       0x2c c:/ac6/systemworkbench/plugins/fr.ac6.mcu.externaltools.arm-none.win32_1.17.0.201812190825/tools/compiler/bin/../lib/gcc/arm-none-eabi/7.3.1/../../../../arm-none-eabi/lib/thumb/v7e-m/fpv4-sp/hard\libc_nano.a(lib_a-init.o)
 .debug_frame   0x00002104       0x20 c:/ac6/systemworkbench/plugins/fr.ac6.mcu.externaltools.arm-none.win32_1.17.0.201812190825/tools/compiler/bin/../lib/gcc/arm-none-eabi/7.3.1/../../../../arm-none-eabi/lib/thumb/v7e-m/fpv4-sp/hard\libc_nano.a(lib_a-memset.o)
